[('url', 'http://197.210.28.107'), ('url', 'https://www.alienvault.com'), ('url', 'http://tldp.org/LDP/='), ('url', 'http://tldp.org/LDP/abs/html')]