[('url', 'http://schemas.xmlsoap.org/soap/envelope'), ('url', 'http://www.passport.com/NameSpace.xsd'), ('url', 'http://microsoft.com/officenet/conferencing'), ('url', 'http://microsoft.com/sharepoint/webpartpages'), ('url', 'http://microsoft.com/webservices/SharePointPortalServer/PublishedLinksService'), ('url', 'http://microsoft.com/webservices/SharePointPortalServer/UserProfileService')]